{
    "compile_errors": [],
    "decls": {
        "let airports": [{
        	id Int64,
        	code Utf8,
        	site_number Utf8,
        	fac_type Utf8,
        	fac_use Utf8,
        	faa_region Utf8,
        	faa_dist Utf8,
        	city Utf8,
        	county Utf8,
        	state Utf8,
        	full_name Utf8,
        	own_type Utf8,
        	longitude Float64,
        	latitude Float64,
        	elevation Int64,
        	aero_cht Utf8,
        	cbd_dist Int64,
        	cbd_dir Utf8,
        	act_date Utf8,
        	cert Utf8,
        	fed_agree Utf8,
        	cust_intl Utf8,
        	c_ldg_rts Utf8,
        	joint_use Utf8,
        	mil_rts Utf8,
        	cntl_twr Utf8,
        	major Utf8,
        }],
        "let airports_by_region_dashboard": [{
        	faa_region Utf8,
        	airport_count Int64,
        	by_facility_type [{
        	fac_type Utf8,
        	airport_count Int64,
        	avg_elevation Float64,
        }],
        	by_state_shape_map [{
        	state Utf8,
        	airport_count Int64,
        }],
        }],
        "let by_facility_type": λ {
        	a2 [{
        	id Int64,
        	code Utf8,
        	site_number Utf8,
        	fac_type Utf8,
        	fac_use Utf8,
        	faa_region Utf8,
        	faa_dist Utf8,
        	city Utf8,
        	county Utf8,
        	state Utf8,
        	full_name Utf8,
        	own_type Utf8,
        	longitude Float64,
        	latitude Float64,
        	elevation Int64,
        	aero_cht Utf8,
        	cbd_dist Int64,
        	cbd_dir Utf8,
        	act_date Utf8,
        	cert Utf8,
        	fed_agree Utf8,
        	cust_intl Utf8,
        	c_ldg_rts Utf8,
        	joint_use Utf8,
        	mil_rts Utf8,
        	cntl_twr Utf8,
        	major Utf8,
        }],
        } -> [{
        	fac_type Utf8,
        	airport_count Int64,
        	avg_elevation Float64,
        }],
        "let by_region_dashboard": λ {
        	a3 [{
        	id Int64,
        	code Utf8,
        	site_number Utf8,
        	fac_type Utf8,
        	fac_use Utf8,
        	faa_region Utf8,
        	faa_dist Utf8,
        	city Utf8,
        	county Utf8,
        	state Utf8,
        	full_name Utf8,
        	own_type Utf8,
        	longitude Float64,
        	latitude Float64,
        	elevation Int64,
        	aero_cht Utf8,
        	cbd_dist Int64,
        	cbd_dir Utf8,
        	act_date Utf8,
        	cert Utf8,
        	fed_agree Utf8,
        	cust_intl Utf8,
        	c_ldg_rts Utf8,
        	joint_use Utf8,
        	mil_rts Utf8,
        	cntl_twr Utf8,
        	major Utf8,
        }],
        } -> [{
        	faa_region Utf8,
        	airport_count Int64,
        	by_facility_type [{
        	fac_type Utf8,
        	airport_count Int64,
        	avg_elevation Float64,
        }],
        	by_state_shape_map [{
        	state Utf8,
        	airport_count Int64,
        }],
        }],
        "let by_state": λ {
        	a1 [{
        	id Int64,
        	code Utf8,
        	site_number Utf8,
        	fac_type Utf8,
        	fac_use Utf8,
        	faa_region Utf8,
        	faa_dist Utf8,
        	city Utf8,
        	county Utf8,
        	state Utf8,
        	full_name Utf8,
        	own_type Utf8,
        	longitude Float64,
        	latitude Float64,
        	elevation Int64,
        	aero_cht Utf8,
        	cbd_dist Int64,
        	cbd_dir Utf8,
        	act_date Utf8,
        	cert Utf8,
        	fed_agree Utf8,
        	cust_intl Utf8,
        	c_ldg_rts Utf8,
        	joint_use Utf8,
        	mil_rts Utf8,
        	cntl_twr Utf8,
        	major Utf8,
        }],
        } -> [{
        	state Utf8,
        	airport_count Int64,
        }],
        "type Airport": {
        	id Int64,
        	code Utf8,
        	site_number Utf8,
        	fac_type Utf8,
        	fac_use Utf8,
        	faa_region Utf8,
        	faa_dist Utf8,
        	city Utf8,
        	county Utf8,
        	state Utf8,
        	full_name Utf8,
        	own_type Utf8,
        	longitude Float64,
        	latitude Float64,
        	elevation Int64,
        	aero_cht Utf8,
        	cbd_dist Int64,
        	cbd_dir Utf8,
        	act_date Utf8,
        	cert Utf8,
        	fed_agree Utf8,
        	cust_intl Utf8,
        	c_ldg_rts Utf8,
        	joint_use Utf8,
        	mil_rts Utf8,
        	cntl_twr Utf8,
        	major Utf8,
        },
    },
    "queries": [
        Ok(
            TypedValue {
                type_: List(
                    Record(
                        [
                            Field {
                                name: "state",
                                type_: Atom(
                                    Utf8,
                                ),
                                nullable: true,
                            },
                            Field {
                                name: "airport_count",
                                type_: Atom(
                                    Int64,
                                ),
                                nullable: true,
                            },
                        ],
                    ),
                ),
                value: "| state | airport_count |\n|-------|---------------|\n| AK    | 608           |\n| AL    | 260           |\n| AR    | 299           |\n| AS    | 4             |\n| AZ    | 319           |\n| CA    | 984           |\n| CO    | 425           |\n| CQ    | 11            |\n| CT    | 153           |\n| DC    | 20            |\n| DE    | 42            |\n| FL    | 856           |\n| GA    | 440           |\n| GU    | 3             |\n| HI    | 52            |\n| IA    | 319           |\n| ID    | 238           |\n| IL    | 890           |\n| IN    | 643           |\n| KS    | 415           |\n| KY    | 202           |\n| LA    | 500           |\n| MA    | 225           |\n| MD    | 229           |\n| ME    | 164           |\n| MI    | 489           |\n| MN    | 507           |\n| MO    | 537           |\n| MQ    | 1             |\n| MS    | 243           |\n| MT    | 259           |\n| NC    | 400           |\n| ND    | 436           |\n| NE    | 308           |\n| NH    | 112           |\n| NJ    | 378           |\n| NM    | 181           |\n| NV    | 128           |\n| NY    | 576           |\n| OH    | 749           |\n| OK    | 443           |\n| OR    | 441           |\n| PA    | 804           |\n| PR    | 40            |\n| RI    | 28            |\n| SC    | 189           |\n| SD    | 180           |\n| TN    | 285           |\n| TX    | 1845          |\n| UT    | 140           |\n| VA    | 421           |\n| VI    | 9             |\n| VT    | 81            |\n| WA    | 484           |\n| WI    | 543           |\n| WQ    | 1             |\n| WV    | 116           |\n| WY    | 115           |",
            },
        ),
        Ok(
            TypedValue {
                type_: List(
                    Record(
                        [
                            Field {
                                name: "fac_type",
                                type_: Atom(
                                    Utf8,
                                ),
                                nullable: true,
                            },
                            Field {
                                name: "airport_count",
                                type_: Atom(
                                    Int64,
                                ),
                                nullable: true,
                            },
                            Field {
                                name: "avg_elevation",
                                type_: Atom(
                                    Float64,
                                ),
                                nullable: true,
                            },
                        ],
                    ),
                ),
                value: "| fac_type      | airport_count | avg_elevation      |\n|---------------|---------------|--------------------|\n| AIRPORT       | 13925         | 1237.0441651705567 |\n| BALLOONPORT   | 12            | 1047.25            |\n| GLIDERPORT    | 37            | 1611.4054054054054 |\n| HELIPORT      | 5135          | 950.5125608568646  |\n| SEAPLANE BASE | 473           | 488.82241014799155 |\n| STOLPORT      | 86            | 1375.046511627907  |\n| ULTRALIGHT    | 125           | 806.144            |",
            },
        ),
        Ok(
            TypedValue {
                type_: List(
                    Record(
                        [
                            Field {
                                name: "faa_region",
                                type_: Atom(
                                    Utf8,
                                ),
                                nullable: true,
                            },
                            Field {
                                name: "airport_count",
                                type_: Atom(
                                    Int64,
                                ),
                                nullable: true,
                            },
                            Field {
                                name: "by_facility_type",
                                type_: List(
                                    Record(
                                        [
                                            Field {
                                                name: "fac_type",
                                                type_: Atom(
                                                    Utf8,
                                                ),
                                                nullable: true,
                                            },
                                            Field {
                                                name: "airport_count",
                                                type_: Atom(
                                                    Int64,
                                                ),
                                                nullable: true,
                                            },
                                            Field {
                                                name: "avg_elevation",
                                                type_: Atom(
                                                    Float64,
                                                ),
                                                nullable: true,
                                            },
                                        ],
                                    ),
                                ),
                                nullable: true,
                            },
                            Field {
                                name: "by_state_shape_map",
                                type_: List(
                                    Record(
                                        [
                                            Field {
                                                name: "state",
                                                type_: Atom(
                                                    Utf8,
                                                ),
                                                nullable: true,
                                            },
                                            Field {
                                                name: "airport_count",
                                                type_: Atom(
                                                    Int64,
                                                ),
                                                nullable: true,
                                            },
                                        ],
                                    ),
                                ),
                                nullable: true,
                            },
                        ],
                    ),
                ),
                value: "| faa_region | airport_count | by_facility_type                                                                                                                                                                                                                                                                                                                                                                                                                                                                                                                                                                                                                                                                                                                                                  | by_state_shape_map                                                                                                                                                                                                                                                                                                                                                                                                                                                                                                                    |\n|------------|---------------|-------------------------------------------------------------------------------------------------------------------------------------------------------------------------------------------------------------------------------------------------------------------------------------------------------------------------------------------------------------------------------------------------------------------------------------------------------------------------------------------------------------------------------------------------------------------------------------------------------------------------------------------------------------------------------------------------------------------------------------------------------------------|---------------------------------------------------------------------------------------------------------------------------------------------------------------------------------------------------------------------------------------------------------------------------------------------------------------------------------------------------------------------------------------------------------------------------------------------------------------------------------------------------------------------------------------|\n| null       | 23            | [{\"airport_count\": Int64(23), \"avg_elevation\": Float64(18.26086956521739), \"fac_type\": Utf8(\"AIRPORT\")}]                                                                                                                                                                                                                                                                                                                                                                                                                                                                                                                                                                                                                                                          | null                                                                                                                                                                                                                                                                                                                                                                                                                                                                                                                                  |\n| AAL        | 608           | [{\"airport_count\": Int64(474), \"avg_elevation\": Float64(503.65822784810126), \"fac_type\": Utf8(\"AIRPORT\")}, {\"airport_count\": Int64(30), \"avg_elevation\": Float64(284.06666666666666), \"fac_type\": Utf8(\"HELIPORT\")}, {\"airport_count\": Int64(104), \"avg_elevation\": Float64(132.04807692307693), \"fac_type\": Utf8(\"SEAPLANE BASE\")}]                                                                                                                                                                                                                                                                                                                                                                                                                              | [{\"airport_count\": Int64(608), \"state\": Utf8(\"AK\")}]                                                                                                                                                                                                                                                                                                                                                                                                                                                                                  |\n| ACE        | 1579          | [{\"airport_count\": Int64(1278), \"avg_elevation\": Float64(1421.0226917057903), \"fac_type\": Utf8(\"AIRPORT\")}, {\"airport_count\": Int64(1), \"avg_elevation\": Float64(1250.0), \"fac_type\": Utf8(\"BALLOONPORT\")}, {\"airport_count\": Int64(2), \"avg_elevation\": Float64(2088.5), \"fac_type\": Utf8(\"GLIDERPORT\")}, {\"airport_count\": Int64(282), \"avg_elevation\": Float64(982.968085106383), \"fac_type\": Utf8(\"HELIPORT\")}, {\"airport_count\": Int64(5), \"avg_elevation\": Float64(978.8), \"fac_type\": Utf8(\"SEAPLANE BASE\")}, {\"airport_count\": Int64(4), \"avg_elevation\": Float64(903.0), \"fac_type\": Utf8(\"STOLPORT\")}, {\"airport_count\": Int64(7), \"avg_elevation\": Float64(1015.1428571428571), \"fac_type\": Utf8(\"ULTRALIGHT\")}]                                       | [{\"airport_count\": Int64(319), \"state\": Utf8(\"IA\")}, {\"airport_count\": Int64(415), \"state\": Utf8(\"KS\")}, {\"airport_count\": Int64(537), \"state\": Utf8(\"MO\")}, {\"airport_count\": Int64(308), \"state\": Utf8(\"NE\")}]                                                                                                                                                                                                                                                                                                                      |\n| AEA        | 2586          | [{\"airport_count\": Int64(1525), \"avg_elevation\": Float64(748.7429508196722), \"fac_type\": Utf8(\"AIRPORT\")}, {\"airport_count\": Int64(3), \"avg_elevation\": Float64(326.6666666666667), \"fac_type\": Utf8(\"BALLOONPORT\")}, {\"airport_count\": Int64(7), \"avg_elevation\": Float64(1086.2857142857142), \"fac_type\": Utf8(\"GLIDERPORT\")}, {\"airport_count\": Int64(964), \"avg_elevation\": Float64(499.79253112033194), \"fac_type\": Utf8(\"HELIPORT\")}, {\"airport_count\": Int64(61), \"avg_elevation\": Float64(449.21311475409834), \"fac_type\": Utf8(\"SEAPLANE BASE\")}, {\"airport_count\": Int64(8), \"avg_elevation\": Float64(707.0), \"fac_type\": Utf8(\"STOLPORT\")}, {\"airport_count\": Int64(18), \"avg_elevation\": Float64(940.3888888888889), \"fac_type\": Utf8(\"ULTRALIGHT\")}] | [{\"airport_count\": Int64(20), \"state\": Utf8(\"DC\")}, {\"airport_count\": Int64(42), \"state\": Utf8(\"DE\")}, {\"airport_count\": Int64(229), \"state\": Utf8(\"MD\")}, {\"airport_count\": Int64(378), \"state\": Utf8(\"NJ\")}, {\"airport_count\": Int64(576), \"state\": Utf8(\"NY\")}, {\"airport_count\": Int64(804), \"state\": Utf8(\"PA\")}, {\"airport_count\": Int64(421), \"state\": Utf8(\"VA\")}, {\"airport_count\": Int64(116), \"state\": Utf8(\"WV\")}]                                                                                                        |\n| AGL        | 4437          | [{\"airport_count\": Int64(3443), \"avg_elevation\": Float64(1013.9262271275051), \"fac_type\": Utf8(\"AIRPORT\")}, {\"airport_count\": Int64(4), \"avg_elevation\": Float64(941.75), \"fac_type\": Utf8(\"BALLOONPORT\")}, {\"airport_count\": Int64(4), \"avg_elevation\": Float64(808.75), \"fac_type\": Utf8(\"GLIDERPORT\")}, {\"airport_count\": Int64(826), \"avg_elevation\": Float64(861.3414043583535), \"fac_type\": Utf8(\"HELIPORT\")}, {\"airport_count\": Int64(119), \"avg_elevation\": Float64(1029.3529411764705), \"fac_type\": Utf8(\"SEAPLANE BASE\")}, {\"airport_count\": Int64(11), \"avg_elevation\": Float64(865.3636363636364), \"fac_type\": Utf8(\"STOLPORT\")}, {\"airport_count\": Int64(30), \"avg_elevation\": Float64(742.3666666666667), \"fac_type\": Utf8(\"ULTRALIGHT\")}]          | [{\"airport_count\": Int64(890), \"state\": Utf8(\"IL\")}, {\"airport_count\": Int64(643), \"state\": Utf8(\"IN\")}, {\"airport_count\": Int64(489), \"state\": Utf8(\"MI\")}, {\"airport_count\": Int64(507), \"state\": Utf8(\"MN\")}, {\"airport_count\": Int64(436), \"state\": Utf8(\"ND\")}, {\"airport_count\": Int64(749), \"state\": Utf8(\"OH\")}, {\"airport_count\": Int64(180), \"state\": Utf8(\"SD\")}, {\"airport_count\": Int64(543), \"state\": Utf8(\"WI\")}]                                                                                                      |\n| ANE        | 763           | [{\"airport_count\": Int64(362), \"avg_elevation\": Float64(468.01657458563534), \"fac_type\": Utf8(\"AIRPORT\")}, {\"airport_count\": Int64(2), \"avg_elevation\": Float64(360.0), \"fac_type\": Utf8(\"BALLOONPORT\")}, {\"airport_count\": Int64(320), \"avg_elevation\": Float64(284.234375), \"fac_type\": Utf8(\"HELIPORT\")}, {\"airport_count\": Int64(71), \"avg_elevation\": Float64(327.4225352112676), \"fac_type\": Utf8(\"SEAPLANE BASE\")}, {\"airport_count\": Int64(4), \"avg_elevation\": Float64(983.75), \"fac_type\": Utf8(\"STOLPORT\")}, {\"airport_count\": Int64(4), \"avg_elevation\": Float64(244.0), \"fac_type\": Utf8(\"ULTRALIGHT\")}]                                                                                                                                             | [{\"airport_count\": Int64(153), \"state\": Utf8(\"CT\")}, {\"airport_count\": Int64(225), \"state\": Utf8(\"MA\")}, {\"airport_count\": Int64(164), \"state\": Utf8(\"ME\")}, {\"airport_count\": Int64(112), \"state\": Utf8(\"NH\")}, {\"airport_count\": Int64(28), \"state\": Utf8(\"RI\")}, {\"airport_count\": Int64(81), \"state\": Utf8(\"VT\")}]                                                                                                                                                                                                                |\n| ANM        | 2102          | [{\"airport_count\": Int64(1524), \"avg_elevation\": Float64(3233.5708661417325), \"fac_type\": Utf8(\"AIRPORT\")}, {\"airport_count\": Int64(1), \"avg_elevation\": Float64(5050.0), \"fac_type\": Utf8(\"BALLOONPORT\")}, {\"airport_count\": Int64(4), \"avg_elevation\": Float64(5348.75), \"fac_type\": Utf8(\"GLIDERPORT\")}, {\"airport_count\": Int64(527), \"avg_elevation\": Float64(3534.123339658444), \"fac_type\": Utf8(\"HELIPORT\")}, {\"airport_count\": Int64(25), \"avg_elevation\": Float64(658.76), \"fac_type\": Utf8(\"SEAPLANE BASE\")}, {\"airport_count\": Int64(13), \"avg_elevation\": Float64(4169.461538461538), \"fac_type\": Utf8(\"STOLPORT\")}, {\"airport_count\": Int64(8), \"avg_elevation\": Float64(2028.5), \"fac_type\": Utf8(\"ULTRALIGHT\")}]                                  | [{\"airport_count\": Int64(425), \"state\": Utf8(\"CO\")}, {\"airport_count\": Int64(238), \"state\": Utf8(\"ID\")}, {\"airport_count\": Int64(259), \"state\": Utf8(\"MT\")}, {\"airport_count\": Int64(441), \"state\": Utf8(\"OR\")}, {\"airport_count\": Int64(140), \"state\": Utf8(\"UT\")}, {\"airport_count\": Int64(484), \"state\": Utf8(\"WA\")}, {\"airport_count\": Int64(115), \"state\": Utf8(\"WY\")}]                                                                                                                                                          |\n| ASO        | 2924          | [{\"airport_count\": Int64(2038), \"avg_elevation\": Float64(424.09077526987244), \"fac_type\": Utf8(\"AIRPORT\")}, {\"airport_count\": Int64(1), \"avg_elevation\": Float64(800.0), \"fac_type\": Utf8(\"BALLOONPORT\")}, {\"airport_count\": Int64(8), \"avg_elevation\": Float64(359.375), \"fac_type\": Utf8(\"GLIDERPORT\")}, {\"airport_count\": Int64(770), \"avg_elevation\": Float64(410.3545454545455), \"fac_type\": Utf8(\"HELIPORT\")}, {\"airport_count\": Int64(57), \"avg_elevation\": Float64(100.2280701754386), \"fac_type\": Utf8(\"SEAPLANE BASE\")}, {\"airport_count\": Int64(33), \"avg_elevation\": Float64(526.6060606060606), \"fac_type\": Utf8(\"STOLPORT\")}, {\"airport_count\": Int64(17), \"avg_elevation\": Float64(587.3529411764706), \"fac_type\": Utf8(\"ULTRALIGHT\")}]            | [{\"airport_count\": Int64(260), \"state\": Utf8(\"AL\")}, {\"airport_count\": Int64(856), \"state\": Utf8(\"FL\")}, {\"airport_count\": Int64(440), \"state\": Utf8(\"GA\")}, {\"airport_count\": Int64(202), \"state\": Utf8(\"KY\")}, {\"airport_count\": Int64(243), \"state\": Utf8(\"MS\")}, {\"airport_count\": Int64(400), \"state\": Utf8(\"NC\")}, {\"airport_count\": Int64(40), \"state\": Utf8(\"PR\")}, {\"airport_count\": Int64(189), \"state\": Utf8(\"SC\")}, {\"airport_count\": Int64(285), \"state\": Utf8(\"TN\")}, {\"airport_count\": Int64(9), \"state\": Utf8(\"VI\")}] |\n| ASW        | 3268          | [{\"airport_count\": Int64(2341), \"avg_elevation\": Float64(1194.9709525843657), \"fac_type\": Utf8(\"AIRPORT\")}, {\"airport_count\": Int64(6), \"avg_elevation\": Float64(938.8333333333334), \"fac_type\": Utf8(\"GLIDERPORT\")}, {\"airport_count\": Int64(861), \"avg_elevation\": Float64(542.5853658536586), \"fac_type\": Utf8(\"HELIPORT\")}, {\"airport_count\": Int64(19), \"avg_elevation\": Float64(261.36842105263156), \"fac_type\": Utf8(\"SEAPLANE BASE\")}, {\"airport_count\": Int64(9), \"avg_elevation\": Float64(688.6666666666666), \"fac_type\": Utf8(\"STOLPORT\")}, {\"airport_count\": Int64(32), \"avg_elevation\": Float64(325.78125), \"fac_type\": Utf8(\"ULTRALIGHT\")}]                                                                                                         | [{\"airport_count\": Int64(299), \"state\": Utf8(\"AR\")}, {\"airport_count\": Int64(500), \"state\": Utf8(\"LA\")}, {\"airport_count\": Int64(181), \"state\": Utf8(\"NM\")}, {\"airport_count\": Int64(443), \"state\": Utf8(\"OK\")}, {\"airport_count\": Int64(1845), \"state\": Utf8(\"TX\")}]                                                                                                                                                                                                                                                                 |\n| AWP        | 1503          | [{\"airport_count\": Int64(917), \"avg_elevation\": Float64(1939.7273718647764), \"fac_type\": Utf8(\"AIRPORT\")}, {\"airport_count\": Int64(6), \"avg_elevation\": Float64(2450.5), \"fac_type\": Utf8(\"GLIDERPORT\")}, {\"airport_count\": Int64(555), \"avg_elevation\": Float64(1198.771171171171), \"fac_type\": Utf8(\"HELIPORT\")}, {\"airport_count\": Int64(12), \"avg_elevation\": Float64(1024.6666666666667), \"fac_type\": Utf8(\"SEAPLANE BASE\")}, {\"airport_count\": Int64(4), \"avg_elevation\": Float64(4438.25), \"fac_type\": Utf8(\"STOLPORT\")}, {\"airport_count\": Int64(9), \"avg_elevation\": Float64(1872.2222222222222), \"fac_type\": Utf8(\"ULTRALIGHT\")}]                                                                                                                       | [{\"airport_count\": Int64(4), \"state\": Utf8(\"AS\")}, {\"airport_count\": Int64(319), \"state\": Utf8(\"AZ\")}, {\"airport_count\": Int64(984), \"state\": Utf8(\"CA\")}, {\"airport_count\": Int64(11), \"state\": Utf8(\"CQ\")}, {\"airport_count\": Int64(3), \"state\": Utf8(\"GU\")}, {\"airport_count\": Int64(52), \"state\": Utf8(\"HI\")}, {\"airport_count\": Int64(1), \"state\": Utf8(\"MQ\")}, {\"airport_count\": Int64(128), \"state\": Utf8(\"NV\")}, {\"airport_count\": Int64(1), \"state\": Utf8(\"WQ\")}]                                                            |",
            },
        ),
    ],
}